[debug] [2026-08-25T10:43:23.494Z] ----------------------------------------------------------------------
[debug] [2026-08-25T10:43:23.497Z] Command:       C:\Program Files\nodejs\node.exe C:\Users\DELLNEW\AppData\Roaming\npm\node_modules\firebase-tools\lib\bin\firebase.js deploy --only functions
[debug] [2026-08-25T10:43:23.498Z] CLI Version:   15.22.3
[debug] [2026-08-25T10:43:23.498Z] Platform:      win32
[debug] [2026-08-25T10:43:23.498Z] Node Version:  v24.16.0
[debug] [2026-08-25T10:43:23.498Z] Detected Agent: antigravity
[debug] [2026-08-25T10:43:23.498Z] Time:          Tue Aug 25 2026 16:13:23 GMT+0530 (India Standard Time)
[debug] [2026-08-25T10:43:23.498Z] ----------------------------------------------------------------------
[debug] 
[debug] [2026-08-25T10:43:25.985Z] > command requires scopes: ["email","openid","https://www.googleapis.com/auth/cloudplatformprojects.readonly","https://www.googleapis.com/auth/firebase","https://www.googleapis.com/auth/cloud-platform"]
[debug] [2026-08-25T10:43:25.985Z] > authorizing via signed-in user (mehultibra@gmail.com)
[debug] [2026-08-25T10:43:25.985Z] [iam] checking project durga-sarees for permissions ["cloudfunctions.functions.create","cloudfunctions.functions.delete","cloudfunctions.functions.get","cloudfunctions.functions.list","cloudfunctions.functions.update","cloudfunctions.operations.get","firebase.projects.get"]
[debug] [2026-08-25T10:43:25.987Z] Checked if tokens are valid: true, expires at: 1787657668387
[debug] [2026-08-25T10:43:25.987Z] Checked if tokens are valid: true, expires at: 1787657668387
[debug] [2026-08-25T10:43:25.988Z] >>> [apiv2][query] POST https://cloudresourcemanager.googleapis.com/v1/projects/durga-sarees:testIamPermissions [none]
[debug] [2026-08-25T10:43:25.988Z] >>> [apiv2][(partial)header] POST https://cloudresourcemanager.googleapis.com/v1/projects/durga-sarees:testIamPermissions  x-goog-user-project=durga-sarees
[debug] [2026-08-25T10:43:25.988Z] >>> [apiv2][body] POST https://cloudresourcemanager.googleapis.com/v1/projects/durga-sarees:testIamPermissions {"permissions":["cloudfunctions.functions.create","cloudfunctions.functions.delete","cloudfunctions.functions.get","cloudfunctions.functions.list","cloudfunctions.functions.update","cloudfunctions.operations.get","firebase.projects.get"]}
[debug] [2026-08-25T10:43:27.433Z] <<< [apiv2][status] POST https://cloudresourcemanager.googleapis.com/v1/projects/durga-sarees:testIamPermissions 200
[debug] [2026-08-25T10:43:27.433Z] <<< [apiv2][body] POST https://cloudresourcemanager.googleapis.com/v1/projects/durga-sarees:testIamPermissions {"permissions":["cloudfunctions.functions.create","cloudfunctions.functions.delete","cloudfunctions.functions.get","cloudfunctions.functions.list","cloudfunctions.functions.update","cloudfunctions.operations.get","firebase.projects.get"]}
[debug] [2026-08-25T10:43:27.433Z] Checked if tokens are valid: true, expires at: 1787657668387
[debug] [2026-08-25T10:43:27.433Z] Checked if tokens are valid: true, expires at: 1787657668387
[debug] [2026-08-25T10:43:27.433Z] >>> [apiv2][query] POST https://iam.googleapis.com/v1/projects/durga-sarees/serviceAccounts/durga-sarees@appspot.gserviceaccount.com:testIamPermissions [none]
[debug] [2026-08-25T10:43:27.433Z] >>> [apiv2][body] POST https://iam.googleapis.com/v1/projects/durga-sarees/serviceAccounts/durga-sarees@appspot.gserviceaccount.com:testIamPermissions {"permissions":["iam.serviceAccounts.actAs"]}
[debug] [2026-08-25T10:43:29.153Z] <<< [apiv2][status] POST https://iam.googleapis.com/v1/projects/durga-sarees/serviceAccounts/durga-sarees@appspot.gserviceaccount.com:testIamPermissions 200
[debug] [2026-08-25T10:43:29.153Z] <<< [apiv2][body] POST https://iam.googleapis.com/v1/projects/durga-sarees/serviceAccounts/durga-sarees@appspot.gserviceaccount.com:testIamPermissions {"permissions":["iam.serviceAccounts.actAs"]}
[info] 
[info] === Deploying to 'durga-sarees'...
[info] 
[info] i  deploying functions 
[debug] [2026-08-25T10:43:29.159Z] Checked if tokens are valid: true, expires at: 1787657668387
[debug] [2026-08-25T10:43:29.159Z] Checked if tokens are valid: true, expires at: 1787657668387
[debug] [2026-08-25T10:43:29.159Z] >>> [apiv2][query] GET https://cloudresourcemanager.googleapis.com/v1/projects/durga-sarees [none]
[debug] [2026-08-25T10:43:29.468Z] <<< [apiv2][status] GET https://cloudresourcemanager.googleapis.com/v1/projects/durga-sarees 200
[debug] [2026-08-25T10:43:29.469Z] <<< [apiv2][body] GET https://cloudresourcemanager.googleapis.com/v1/projects/durga-sarees {"projectNumber":"324119177694","projectId":"durga-sarees","lifecycleState":"ACTIVE","name":"DURGA SAREES","labels":{"firebase":"enabled","firebase-core":"disabled"},"createTime":"2026-06-04T05:17:08.824Z"}
[info] i  functions: preparing codebase default for deployment 
[info] i  functions: ensuring required API cloudfunctions.googleapis.com is enabled... 
[info] i  functions: ensuring required API cloudbuild.googleapis.com is enabled... 
[info] i  artifactregistry: ensuring required API artifactregistry.googleapis.com is enabled... 
[debug] [2026-08-25T10:43:29.473Z] Checked if tokens are valid: true, expires at: 1787657668387
[debug] [2026-08-25T10:43:29.473Z] Checked if tokens are valid: true, expires at: 1787657668387
[debug] [2026-08-25T10:43:29.473Z] >>> [apiv2][query] GET https://firebase.googleapis.com/v1beta1/projects/durga-sarees/adminSdkConfig [none]
[debug] [2026-08-25T10:43:30.355Z] <<< [apiv2][status] GET https://firebase.googleapis.com/v1beta1/projects/durga-sarees/adminSdkConfig 200
[debug] [2026-08-25T10:43:30.355Z] <<< [apiv2][body] GET https://firebase.googleapis.com/v1beta1/projects/durga-sarees/adminSdkConfig {"projectId":"durga-sarees","storageBucket":"durga-sarees.firebasestorage.app"}
